<html>
<body>
<pre>
<h1>µVision Build Log</h1>
<h2>Tool Versions:</h2>
IDE-Version: µVision V5.24.2.0
Copyright (C) 2017 ARM Ltd and ARM Germany GmbH. All rights reserved.
License Information: PC Heng, INSA, LIC=----
 
Tool Versions:
Toolchain:       MDK-Lite  Version: 5.24.1
Toolchain Path:  D:\Keil_v5\ARM\ARMCC\Bin
C Compiler:      Armcc.exe V5.06 update 5 (build 528)
Assembler:       Armasm.exe V5.06 update 5 (build 528)
Linker/Locator:  ArmLink.exe V5.06 update 5 (build 528)
Library Manager: ArmAr.exe V5.06 update 5 (build 528)
Hex Converter:   FromElf.exe V5.06 update 5 (build 528)
CPU DLL:         SARMCM3.DLL V5.24.1
Dialog DLL:      DARMSTM.DLL V1.68.0.0
Target DLL:      STLink\ST-LINKIII-KEIL_SWO.dll V3.0.1.0
Dialog DLL:      TARMSTM.DLL V1.66.0.0
 
<h2>Project:</h2>
C:\Users\cyhen\Desktop\Projet Gyropode\SEGWAY_TR\STM32\Project\12-9\MDK-ARM\Demo.uvproj
Project File Date:  09/13/2017

<h2>Output:</h2>
*** Using Compiler 'V5.06 update 5 (build 528)', folder: 'D:\Keil_v5\ARM\ARMCC\Bin'
Build target 'Segway'
assembling startup_stm32f30x.s...
compiling stm32f30x_comp.c...
compiling stm32f3_discovery.c...
compiling stm32f3_discovery_l3gd20.c...
compiling stm32f30x_crc.c...
compiling stm32f3_discovery_lsm303dlhc.c...
compiling stm32f30x_can.c...
compiling stm32f30x_adc.c...
compiling stm32f30x_dbgmcu.c...
compiling stm32f30x_dma.c...
compiling stm32f30x_exti.c...
compiling stm32f30x_dac.c...
compiling stm32f30x_gpio.c...
compiling stm32f30x_i2c.c...
compiling stm32f30x_flash.c...
compiling stm32f30x_iwdg.c...
compiling stm32f30x_misc.c...
compiling stm32f30x_pwr.c...
compiling stm32f30x_opamp.c...
compiling stm32f30x_spi.c...
compiling stm32f30x_rcc.c...
compiling stm32f30x_rtc.c...
compiling stm32f30x_syscfg.c...
compiling stm32f30x_wwdg.c...
compiling stm32f30x_usart.c...
compiling main.c...
compiling system_stm32f30x.c...
compiling stm32f30x_it.c...
compiling stm32f30x_tim.c...
compiling Gyroscope.c...
compiling Accelerometre.c...
compiling Init.c...
compiling Fonctions.c...
linking...
Program Size: Code=12396 RO-data=636 RW-data=376 ZI-data=1272  
".\Segway\Segway.axf" - 0 Error(s), 0 Warning(s).
Build Time Elapsed:  00:00:06
</pre>
</body>
</html>
